]0;/home/seabbs/idmodelrseabbs@318ecf4c2193:~/idmodelr$ [Kseabbs@318ecf4c2193:~/idmodelr$ git brnach[K[K[K[Kanch gh-pages
]0;/home/seabbs/idmodelrseabbs@318ecf4c2193:~/idmodelr$ git checkout gh-pages
M	DESCRIPTION
M	NAMESPACE
M	R/gather_strat_variable.R
M	R/scenario_analysis.R
M	_pkgdown.yml
M	man/aggregate_model.Rd
M	man/aggregate_model_internal.Rd
M	man/estimate_norm_dist_from_ci.Rd
M	man/gather_strat_variable.Rd
M	man/generate_parameter_permutations.Rd
M	man/interactive_plot.Rd
M	man/plot_model.Rd
M	man/plot_model_comparision.Rd
M	man/save_data.Rd
M	man/scenario_analysis.Rd
M	man/simulate_model.Rd
M	man/summarise_model.Rd
Switched to branch 'gh-pages'
]0;/home/seabbs/idmodelrseabbs@318ecf4c2193:~/idmodelr$ [Kseabbs@318ecf4c2193:~/idmodelr$ git checkout master
M	DESCRIPTION
M	NAMESPACE
M	R/gather_strat_variable.R
M	R/scenario_analysis.R
M	_pkgdown.yml
M	man/aggregate_model.Rd
M	man/aggregate_model_internal.Rd
M	man/estimate_norm_dist_from_ci.Rd
M	man/gather_strat_variable.Rd
M	man/generate_parameter_permutations.Rd
M	man/interactive_plot.Rd
M	man/plot_model.Rd
M	man/plot_model_comparision.Rd
M	man/save_data.Rd
M	man/scenario_analysis.Rd
M	man/simulate_model.Rd
M	man/summarise_model.Rd
Switched to branch 'master'
Your branch is up-to-date with 'origin/master'.
]0;/home/seabbs/idmodelrseabbs@318ecf4c2193:~/idmodelr$ git status
On branch master
Your branch is up-to-date with 'origin/master'.
Changes not staged for commit:
  (use "git add <file>..." to update what will be committed)
  (use "git checkout -- <file>..." to discard changes in working directory)

	[31mmodified:   DESCRIPTION[m
	[31mmodified:   NAMESPACE[m
	[31mmodified:   R/gather_strat_variable.R[m
	[31mmodified:   R/scenario_analysis.R[m
	[31mmodified:   _pkgdown.yml[m
	[31mmodified:   man/aggregate_model.Rd[m
	[31mmodified:   man/aggregate_model_internal.Rd[m
	[31mmodified:   man/estimate_norm_dist_from_ci.Rd[m
	[31mmodified:   man/gather_strat_variable.Rd[m
	[31mmodified:   man/generate_parameter_permutations.Rd[m
	[31mmodified:   man/interactive_plot.Rd[m
	[31mmodified:   man/plot_model.Rd[m
	[31mmodified:   man/plot_model_comparision.Rd[m
	[31mmodified:   man/save_data.Rd[m
	[31mmodified:   man/scenario_analysis.Rd[m
	[31mmodified:   man/simulate_model.Rd[m
	[31mmodified:   man/summarise_model.Rd[m

Untracked files:
  (use "git add <file>..." to include in what will be committed)

	[31mR/utils-pipe.R[m

no changes added to commit (use "git add" and/or "git commit -a")
]0;/home/seabbs/idmodelrseabbs@318ecf4c2193:~/idmodelr$ git add --all
]0;/home/seabbs/idmodelrseabbs@318ecf4c2193:~/idmodelr$ git cpmi[K[K[Kommit -=m[K[Km "adding utils"

*** Please tell me who you are.

Run

  git config --global user.email "you@example.com"
  git config --global user.name "Your Name"

to set your account's default identity.
Omit --global to set the identity only in this repository.

fatal: empty ident name (for <(null)>) not allowed
]0;/home/seabbs/idmodelrseabbs@318ecf4c2193:~/idmodelr$ gi[K[Kgit config --global user.email s.e.abbott12@gmail.com
]0;/home/seabbs/idmodelrseabbs@318ecf4c2193:~/idmodelr$   git config --global user.name seabbs
]0;/home/seabbs/idmodelrseabbs@318ecf4c2193:~/idmodelr$ git config --global user.email s.e.abbott12@gmail.com[C[C[C[C[C[C[C[C[C[C[C[C[C[C[C[C[C[C[C[C[C[C[C[C[C[C[C[C[C[C[C[C[C[C[C[C[C[C[25Pmmit -m "adding utils"
[master b4f7865] adding utils
 18 files changed, 103 insertions(+), 96 deletions(-)
 create mode 100644 R/utils-pipe.R
 rewrite _pkgdown.yml (85%)
]0;/home/seabbs/idmodelrseabbs@318ecf4c2193:~/idmodelr$ git push
error: cannot run rpostback-askpass: No such file or directory
Username for 'https://github.com': seabbs
error: cannot run rpostback-askpass: No such file or directory
Password for 'https://seabbs@github.com': 
Counting objects: 22, done.
Delta compression using up to 16 threads.
Compressing objects:   4% (1/21)   Compressing objects:   9% (2/21)   Compressing objects:  14% (3/21)   Compressing objects:  19% (4/21)   Compressing objects:  23% (5/21)   Compressing objects:  28% (6/21)   Compressing objects:  33% (7/21)   Compressing objects:  38% (8/21)   Compressing objects:  42% (9/21)   Compressing objects:  47% (10/21)   Compressing objects:  52% (11/21)   Compressing objects:  57% (12/21)   Compressing objects:  61% (13/21)   Compressing objects:  66% (14/21)   Compressing objects:  71% (15/21)   Compressing objects:  76% (16/21)   Compressing objects:  80% (17/21)   Compressing objects:  85% (18/21)   Compressing objects:  90% (19/21)   Compressing objects:  95% (20/21)   Compressing objects: 100% (21/21)   Compressing objects: 100% (21/21), done.
Writing objects:   4% (1/22)   Writing objects:   9% (2/22)   Writing objects:  13% (3/22)   Writing objects:  18% (4/22)   Writing objects:  22% (5/22)   Writing objects:  27% (6/22)   Writing objects:  31% (7/22)   Writing objects:  36% (8/22)   Writing objects:  40% (9/22)   Writing objects:  45% (10/22)   Writing objects:  50% (11/22)   Writing objects:  54% (12/22)   Writing objects:  59% (13/22)   Writing objects:  63% (14/22)   Writing objects:  68% (15/22)   Writing objects:  72% (16/22)   Writing objects:  77% (17/22)   Writing objects:  81% (18/22)   Writing objects:  86% (19/22)   Writing objects:  90% (20/22)   Writing objects:  95% (21/22)   Writing objects: 100% (22/22)   Writing objects: 100% (22/22), 2.32 KiB | 0 bytes/s, done.
Total 22 (delta 20), reused 1 (delta 0)
remote: Resolving deltas:   0% (0/20)   [Kremote: Resolving deltas:   5% (1/20)   [Kremote: Resolving deltas:  10% (2/20)   [Kremote: Resolving deltas:  15% (3/20)   [Kremote: Resolving deltas:  20% (4/20)   [Kremote: Resolving deltas:  25% (5/20)   [Kremote: Resolving deltas:  30% (6/20)   [Kremote: Resolving deltas:  35% (7/20)   [Kremote: Resolving deltas:  40% (8/20)   [Kremote: Resolving deltas:  45% (9/20)   [Kremote: Resolving deltas:  50% (10/20)   [Kremote: Resolving deltas:  55% (11/20)   [Kremote: Resolving deltas:  60% (12/20)   [Kremote: Resolving deltas:  65% (13/20)   [Kremote: Resolving deltas:  70% (14/20)   [Kremote: Resolving deltas:  75% (15/20)   [Kremote: Resolving deltas:  80% (16/20)   [Kremote: Resolving deltas:  85% (17/20)   [Kremote: Resolving deltas:  90% (18/20)   [Kremote: Resolving deltas:  95% (19/20)   [Kremote: Resolving deltas: 100% (20/20)   [Kremote: Resolving deltas: 100% (20/20), completed with 20 local objects.[K
To https://github.com/seabbs/idmodelr.git
   a6f9294..b4f7865  master -> master
]0;/home/seabbs/idmodelrseabbs@318ecf4c2193:~/idmodelr$ git checkout gh-pages
Switched to branch 'gh-pages'
]0;/home/seabbs/idmodelrseabbs@318ecf4c2193:~/idmodelr$ [Kseabbs@318ecf4c2193:~/idmodelr$ git add --all